[2026-06-26T14:25:16.531Z] GET https://ableton.github.io/link/ → 200 (180ms, 8839B)
[2026-06-26T14:25:16.715Z] GET https://ableton.github.io/css/main.css?v1 → 200 (52ms, 2788B)
[2026-06-26T14:25:16.768Z] GET https://www.google-analytics.com/analytics.js → 200 (92ms, 21409B)
[2026-06-26T14:25:16.856Z] GET https://ableton.github.io/fonts/FTN55__W.woff2 → 200 (99ms, 85670B)
[2026-06-26T14:25:16.857Z] GET https://ableton.github.io/fonts/FTN45__W.woff2 → 200 (86ms, 91896B)
[2026-06-26T14:29:52.644Z] GET https://www.perfectcircuit.com/circuit-happy-ml-2m.html → 307 (55ms, ?B)
[2026-06-26T14:29:52.700Z] GET https://www.perfectcircuit.com/circuit-happy-ml-2m.html → 403 (14ms, 2146B)
[2026-06-26T14:29:52.762Z] GET https://www.perfectcircuit.com/cdn-cgi/speculation → 200 (1ms, 261B)
[2026-06-26T14:29:52.765Z] GET https://www.perfectcircuit.com/cdn-cgi/challenge-platform/h/b/orchestrate/chl_page/v1?ray=a11ce81c8b40853c → 200 (49ms, 76643B)
[2026-06-26T14:29:52.837Z] GET blob:https://www.perfectcircuit.com/6c11a2bf-4573-452b-9e96-b16bce477185 → pending (?ms, ?B)
[2026-06-26T14:29:52.883Z] GET https://challenges.cloudflare.com/turnstile/v0/b/25e6c66701a0/api.js?onload=ePmH8&render=explicit → 200 (32ms, 21903B)
[2026-06-26T14:29:53.017Z] POST https://www.perfectcircuit.com/cdn-cgi/challenge-platform/h/b/flow/ov1/2575120678:1782482512:IUvhCquuHhzWTv3VSL8FNDjNWngiRovkSYIi9tlkud4/a11ce81c8b40853c/.y0ZdxGohQh8YHLq3ij2CGh4uEBiFiyGaTsPZbSA8QU-1782484192-1.2.1.1-Ok0lpRXHWsHHYHrp.DqN5U4vQnkt9Wd6iwkIJF2WqN1uzckpTOvb.AB8F.4MwnGd → 200 (37ms, 14779B)
[2026-06-26T14:29:53.046Z] GET blob:https://www.perfectcircuit.com/ee5bb02d-742e-466e-80b0-b61b96611c8c → 200 (15ms, -72B)
[2026-06-26T14:29:53.056Z] GET https://challenges.cloudflare.com/cdn-cgi/challenge-platform/h/b/turnstile/f/ov2/av0/rch/4t85t/0x4AAAAAAADnPIDROrmt1Wwj/light/fbE/new/normal?lang=auto → 200 (34ms, 98294B)
[2026-06-26T14:29:53.156Z] GET https://challenges.cloudflare.com/cdn-cgi/challenge-platform/h/b/cmg/1 → 200 (?ms, 208B)
[2026-06-26T14:29:53.192Z] GET blob:https://challenges.cloudflare.com/0007f7f3-4a88-41f2-abdf-ebd42c8b6a11 → pending (?ms, ?B)
[2026-06-26T14:29:53.365Z] POST https://challenges.cloudflare.com/cdn-cgi/challenge-platform/h/b/flow/ov1/1268357495:1782482514:eD-0vMGohVoRjYHiCukerV38GPmTMtKbOTcYaxuqWqA/a11ce81eddc85d4b/lIF6QktdpBi.2cJpvGmgukLqw7BSspUA4QmQPBE2qaw-1782484193-1.2.1.1-syttBqAh61DFrT2Q1AY3rm4hCAIctTVfhWHzxF7pYIOsyls4AkAc_Ks5GItnHxX4 → 200 (102ms, 289637B)
[2026-06-26T14:29:53.549Z] GET blob:https://challenges.cloudflare.com/331f0ef7-ccdf-4d08-8ce8-c7e5497421db → 200 (8ms, -72B)
[2026-06-26T14:29:53.641Z] GET https://challenges.cloudflare.com/cdn-cgi/challenge-platform/h/b/pat/a11ce81eddc85d4b/1782484193393/f76d7ebc5c00495e02c5e2b97d8dec6fcf1c930580f2138073c5ab8c7fd86fa4/xPCFzYLZRoMCCPD → 401 (12ms, 1699B)
[2026-06-26T14:29:54.141Z] GET blob:https://challenges.cloudflare.com/331f0ef7-ccdf-4d08-8ce8-c7e5497421db → 200 (15ms, -72B)
[2026-06-26T14:29:54.481Z] GET https://challenges.cloudflare.com/cdn-cgi/challenge-platform/h/b/d/a11ce81eddc85d4b/1782484193395/cefMpvEy87lS9mX → 200 (4ms, 1438B)
[2026-06-26T14:29:54.849Z] POST https://challenges.cloudflare.com/cdn-cgi/challenge-platform/h/b/flow/ov1/1268357495:1782482514:eD-0vMGohVoRjYHiCukerV38GPmTMtKbOTcYaxuqWqA/a11ce81eddc85d4b/lIF6QktdpBi.2cJpvGmgukLqw7BSspUA4QmQPBE2qaw-1782484193-1.2.1.1-syttBqAh61DFrT2Q1AY3rm4hCAIctTVfhWHzxF7pYIOsyls4AkAc_Ks5GItnHxX4 → 200 (55ms, 26098B)
[2026-06-26T14:29:54.909Z] GET blob:https://challenges.cloudflare.com/3797c06c-6483-485e-a677-cde6d339a17c → 200 (27ms, -72B)
[2026-06-26T14:29:56.817Z] GET https://www.google.com/search?q=Circuit+Happy+ML-2M+Ableton+Link → 200 (105ms, 47261B)
[2026-06-26T14:29:57.076Z] GET https://www.google.com/search?q=Circuit+Happy+ML-2M+Ableton+Link&sei=5Iw-aoSCN_PBp84P7tGy2Qg → pending (?ms, ?B)
[2026-06-26T14:29:57.538Z] GET https://www.google.com/sorry/index?continue=https://www.google.com/search%3Fq%3DCircuit%2BHappy%2BML-2M%2BAbleton%2BLink%26sei%3D5Iw-aoSCN_PBp84P7tGy2Qg&q=EgRCza4nGOWZ-tEGIjAwR-hKhV_Jb86EkfTofotc8b-XclPs8JVhJ-ME0aMex4s7oBk8nhsu-3aLMUIWiswyAVJaAUM → 429 (25ms, 3394B)
[2026-06-26T14:29:57.575Z] GET https://www.google.com/recaptcha/enterprise.js → 200 (25ms, 1044B)
[2026-06-26T14:29:57.602Z] GET https://www.gstatic.com/recaptcha/releases/MerVUtRoajKEbP7pLiGXkL28/recaptcha__en.js → 200 (164ms, 384962B)
[2026-06-26T14:29:57.894Z] GET https://www.google.com/recaptcha/enterprise/anchor?ar=1&k=6LdLLIMbAAAAAIl-KLj9p1ePhM-4LCCDbjtJLqRO&co=aHR0cHM6Ly93d3cuZ29vZ2xlLmNvbTo0NDM.&hl=en&v=MerVUtRoajKEbP7pLiGXkL28&size=normal&s=lCwcjp0Azelt_OUSljeCNXE7jvB_C-eh6Xdh9xIwB36EBh7_sL5JvrHP1qer4KnubM6Ez318CGD2OdEA10Hk48i6GZqWaIYcIAX_KfoQskxeVVxPQaRCA9pWGOPrE-jSjthDTTh3EKRVO0CN2Ue2dlBHgvyqRZcuWzv-PKXz_ZgSTM4QAfZZeOOoNYicHr2C9ruTcoHq2M6GZvJ6VAL30UNp2g3x_qw-87JUoUe4JFaSaO5xxoucgUB07ZNo5Lbph_xWQl4_CwUH3OwN2kAzdNW6OjjEYlw&anchor-ms=20000&execute-ms=30000&cb=ps49mzqz6h7b → 200 (47ms, 28509B)
[2026-06-26T14:29:57.942Z] GET https://www.gstatic.com/recaptcha/releases/MerVUtRoajKEbP7pLiGXkL28/styles__ltr.css → 200 (43ms, 42381B)
[2026-06-26T14:29:57.943Z] GET https://www.gstatic.com/recaptcha/releases/MerVUtRoajKEbP7pLiGXkL28/recaptcha__en.js → 200 (63ms, -889B)
[2026-06-26T14:29:58.121Z] GET https://www.google.com/recaptcha/enterprise/webworker.js?hl=en&v=MerVUtRoajKEbP7pLiGXkL28 → 200 (53ms, ?B)
[2026-06-26T14:29:58.132Z] GET https://www.gstatic.com/recaptcha/api2/logo_48.png → 200 (7ms, 2252B)
[2026-06-26T14:29:58.132Z] GET https://fonts.gstatic.com/s/roboto/v48/KFO7CnqEu92Fr1ME7kSn66aGLdTylUAMa3yUBA.woff2 → 200 (93ms, 40682B)
[2026-06-26T14:29:58.177Z] GET https://www.gstatic.com/recaptcha/releases/MerVUtRoajKEbP7pLiGXkL28/recaptcha__en.js → pending (?ms, ?B)
[2026-06-26T14:29:58.798Z] GET https://www.google.com/recaptcha/enterprise/bframe?hl=en&v=MerVUtRoajKEbP7pLiGXkL28&k=6LdLLIMbAAAAAIl-KLj9p1ePhM-4LCCDbjtJLqRO&bft=0dAFcWeA682eqfFyYyz4-RxjwuM6Rl2Y42saCNp90RqMvS0zvtpS3MiHQX4ZdbGi6735eojrhW2fe4798hsHp9FsyUjdIsyOb0IA → 200 (32ms, 2249B)
[2026-06-26T14:29:58.863Z] GET https://www.gstatic.com/recaptcha/releases/MerVUtRoajKEbP7pLiGXkL28/styles__ltr.css → 200 (?ms, -849B)
[2026-06-26T14:29:58.864Z] GET https://www.gstatic.com/recaptcha/releases/MerVUtRoajKEbP7pLiGXkL28/recaptcha__en.js → 200 (?ms, -889B)
[2026-06-26T14:29:59.010Z] GET https://fonts.gstatic.com/s/roboto/v48/KFO7CnqEu92Fr1ME7kSn66aGLdTylUAMa3yUBA.woff2 → 200 (1ms, -815B)
[2026-06-26T14:30:01.683Z] GET https://duckduckgo.com/?q=Circuit+Happy+ML-2M+Ableton+Link+MIDI → 202 (193ms, 20480B)
[2026-06-26T14:30:01.887Z] GET https://duckduckgo.com/dist/s.0bb90fbb176d978157e1.css → 200 (30ms, 38487B)
[2026-06-26T14:30:01.887Z] GET https://duckduckgo.com/dist/r.961bdb07a30a25383b4f.css → 200 (71ms, 48259B)
[2026-06-26T14:30:01.887Z] GET https://duckduckgo.com/dist/wpl.main.314a60ef2e60e1779be8.css → 200 (72ms, 61319B)
[2026-06-26T14:30:01.887Z] GET https://duckduckgo.com/font/DuckSansProduct-Regular.woff2 → 200 (146ms, 111561B)
[2026-06-26T14:30:01.887Z] GET https://duckduckgo.com/font/DuckSansProduct-Medium.woff2 → 200 (172ms, 112152B)
[2026-06-26T14:30:01.887Z] GET https://duckduckgo.com/font/DuckSansProduct-Bold.woff2 → 200 (214ms, 112134B)
[2026-06-26T14:30:01.909Z] GET https://duckduckgo.com/dist/b.c837db4f7d9414c4bf3c.js → 200 (213ms, 15543B)
[2026-06-26T14:30:01.909Z] GET https://duckduckgo.com/dist/lib/l.3ae6f13dc257d9500d18.js → 200 (251ms, 48195B)
[2026-06-26T14:30:01.910Z] GET https://duckduckgo.com/dist/locale/en_US.d6b2f9fb348d7311b3070c945e30c280.js → 200 (251ms, 55574B)
[2026-06-26T14:30:01.910Z] GET https://duckduckgo.com/dist/util/u.2b79e5bbb6612ddc1a87.js → 200 (251ms, 40970B)
[2026-06-26T14:30:01.910Z] GET https://duckduckgo.com/dist/wpmv.23fa6ccf3007614d292c.js → 200 (344ms, 188927B)
[2026-06-26T14:30:01.910Z] GET https://duckduckgo.com/dist/wpm.main.076ec1ea3633bf56b6a9.js → 200 (365ms, 282511B)
[2026-06-26T14:30:01.910Z] GET https://duckduckgo.com/dist/d.8212ce450fa6b1570ce6.js → 200 (343ms, 95700B)
[2026-06-26T14:30:01.910Z] GET https://duckduckgo.com/dist/g.9cf1ff6620c7b0c63500.js → 200 (403ms, 160382B)
[2026-06-26T14:30:02.351Z] GET https://duckduckgo.com/assets/logo_header.v109.svg → 200 (34ms, 4390B)
[2026-06-26T14:30:02.357Z] GET https://duckduckgo.com/assets/anomaly/check.svg → 200 (354ms, 2647B)
[2026-06-26T14:30:02.662Z] GET https://duckduckgo.com/dist/wpm.1307.4252f96508a097552f27.js → 200 (66ms, 9319B)
[2026-06-26T14:30:02.662Z] GET https://duckduckgo.com/dist/wpm.9814.aad3f3b0a7bc8e427dc1.js → 200 (67ms, 7524B)
[2026-06-26T14:30:02.662Z] GET https://duckduckgo.com/dist/wpm.feedback-modal.ef23eeeb590318baf1cf.js → 200 (75ms, 19146B)
[2026-06-26T14:30:02.664Z] GET https://duckduckgo.com/dist/wpm.7477.d5fec43a33a5f9366205.js → 200 (73ms, 6487B)
[2026-06-26T14:30:02.664Z] GET https://duckduckgo.com/dist/wpm.images-vertical.571562fdbc61ca91afaa.js → 200 (157ms, 18444B)
[2026-06-26T14:30:02.664Z] GET https://duckduckgo.com/dist/wpm.shopping-vertical.6706f9260129c98f21e2.js → 200 (157ms, 12982B)
[2026-06-26T14:30:02.664Z] GET https://duckduckgo.com/t.js?q=Circuit%20Happy%20ML%2D2M%20Ableton%20Link%20MIDI&l=us-en&s=0&dl=en&ct=US&bing_market=en-US&p_ent=&ex=-1&dp=JvSAlNq69XR3ftyUUtIS3KPn51CAk6AV4I-qRSBbv5ygXx9bBtjaqwtPY7MpjnhlGii3VktmM1T6k1eGBULJj-EQigh8kGtBn_6EnEcvqbPaXropV8pcPP1STCLxEv8Nb6YbtWqM8L5ggKBDEjPK2vIaFPTu7SZybQMaonwK8AYGXJ-sIyRgt6Fhjot-oXVQpe0LbATH2Q8o3N7MltTxjAxXqqhdEtdyK8CdZkVu5IU.3qWIF57dqX89Wp6GoPNMUg&perf_id=80e23edb2c479962&parent_perf_id=16c71fcd77f69d34&perf_sampled=1&host_region=usc&dfrsp=1&baa=1&aps=0&biaexp=b&litexp=a&msvrtexp=b&searchbarexp=b&weatherexp=b&you_news_verticalexp=b → 200 (158ms, 2205B)
[2026-06-26T14:30:02.664Z] GET https://duckduckgo.com/assets/anomaly/images/challenge/e3fd839e75b156e8ad17b5fc0358601d.jpg → 200 (154ms, 37162B)
[2026-06-26T14:30:02.664Z] GET https://duckduckgo.com/assets/anomaly/images/challenge/abcd9cdd342d5e5e384aac965adcafcc.jpg → 200 (155ms, 22364B)
[2026-06-26T14:30:02.664Z] GET https://duckduckgo.com/assets/anomaly/images/challenge/e796ae1e8e53f57ab5213f35d9c640b1.jpg → 200 (155ms, 61119B)
[2026-06-26T14:30:02.664Z] GET https://duckduckgo.com/assets/anomaly/images/challenge/e48eb798d4e9073ce80befbd634b84ab.jpg → 200 (157ms, 48110B)
[2026-06-26T14:30:02.664Z] GET https://duckduckgo.com/assets/anomaly/images/challenge/9769fb96a15eee6c41d8de84226daae6.jpg → 200 (157ms, 44641B)
[2026-06-26T14:30:02.664Z] GET https://duckduckgo.com/assets/anomaly/images/challenge/6662c711d62877229886424d41b3cb04.jpg → 200 (161ms, 40635B)
[2026-06-26T14:30:02.664Z] GET https://duckduckgo.com/assets/anomaly/images/challenge/1c99feae044b17b40052102827882c38.jpg → 200 (177ms, 11642B)
[2026-06-26T14:30:02.664Z] GET https://duckduckgo.com/assets/anomaly/images/challenge/4f30e5fa6351d8d5d39c0a2fe1cfb8f2.jpg → 200 (190ms, 18015B)
[2026-06-26T14:30:02.664Z] GET https://duckduckgo.com/assets/anomaly/images/challenge/1d0f76176d156669c7d81a8187dc1ab7.jpg → 200 (200ms, 30507B)
[2026-06-26T14:30:02.664Z] GET https://duckduckgo.com/post3.html → 200 (200ms, 2379B)
[2026-06-26T14:30:02.817Z] GET https://duckduckgo.com/dist/react-assets/fe21b530ba74e4553643.svg → 200 (47ms, 2692B)
[2026-06-26T14:30:02.817Z] GET https://duckduckgo.com/dist/react-assets/51ff8f5f877025448b4a.svg → 200 (49ms, 3004B)
[2026-06-26T14:30:02.817Z] GET https://duckduckgo.com/dist/react-assets/23d563f964108cbb5b74.svg → 200 (49ms, 2643B)
[2026-06-26T14:30:02.818Z] GET https://duckduckgo.com/dist/s.1185724df6d935666687.js → 200 (76ms, 31182B)
[2026-06-26T14:30:02.872Z] GET https://duckduckgo.com/dist/p.b399c36e524f8cd84914.js → 200 (37ms, 2609B)
[2026-06-26T14:30:02.918Z] POST https://improving.duckduckgo.com/t/searchassist_visualrefreshexp_enrolled?919189&variant=a&form_factor=desktop&in_view=0&assignedby=dice&petal=true → 200 (50ms, 430B)
[2026-06-26T14:30:02.919Z] POST https://improving.duckduckgo.com/t/tqadb?4532394&c=dadb&cc=sre&gk=d4cd0dabcf4caa22ad92fab40844c786&iadb=1&sc=1&e=0&s=index&p=e3fd839e75b156e8ad17b5fc0358601d-abcd9cdd342d5e5e384aac965adcafcc-e796ae1e8e53f57ab5213f35d9c640b1-e48eb798d4e9073ce80befbd634b84ab-9769fb96a15eee6c41d8de84226daae6-6662c711d62877229886424d41b3cb04-1c99feae044b17b40052102827882c38-4f30e5fa6351d8d5d39c0a2fe1cfb8f2-1d0f76176d156669c7d81a8187dc1ab7&o=21rC1FYSvbMpi8kofpDLPVKVFurAbQYmDQSCC46frOzNUIwkEJHnbQe7jnIqUpPq%0A&er=&r=usc&aiheaderexp=b&ama5exp=b&biaexp=b&disableredditmetadataexp=b&duckaiinautocomplete=b&duckchat_alpha=b&externalmapsexp=b&litexp=a&locstr_exp=b&msvrtexp=b&savrexp=a&searchbarexp=b&toolexp=b&weatherexp=b&you_news_verticalexp=b → 200 (44ms, 430B)
[2026-06-26T14:30:02.920Z] POST https://improving.duckduckgo.com/t/tqadbm?1233546&c=dadb&cc=sre&gk=d4cd0dabcf4caa22ad92fab40844c786&iadb=1&sc=1&e=0&s=index&p=e3fd839e75b156e8ad17b5fc0358601d-abcd9cdd342d5e5e384aac965adcafcc-e796ae1e8e53f57ab5213f35d9c640b1-e48eb798d4e9073ce80befbd634b84ab-9769fb96a15eee6c41d8de84226daae6-6662c711d62877229886424d41b3cb04-1c99feae044b17b40052102827882c38-4f30e5fa6351d8d5d39c0a2fe1cfb8f2-1d0f76176d156669c7d81a8187dc1ab7&o=21rC1FYSvbMpi8kofpDLPVKVFurAbQYmDQSCC46frOzNUIwkEJHnbQe7jnIqUpPq%0A&er=&r=usc&aiheaderexp=b&ama5exp=b&biaexp=b&disableredditmetadataexp=b&duckaiinautocomplete=b&duckchat_alpha=b&externalmapsexp=b&litexp=a&locstr_exp=b&msvrtexp=b&savrexp=a&searchbarexp=b&toolexp=b&weatherexp=b&you_news_verticalexp=b → 200 (41ms, 430B)
[2026-06-26T14:30:02.920Z] POST https://improving.duckduckgo.com/t/si?2681791&b=chrome&atbi=true&i=false&d=d&l=en_US&p=linux&pre_atb=v540-3&ax=false&ak=false&serp_return=0&pre_va=_&pre_atbva=_&aiheaderexp=b&ama5exp=b&biaexp=b&disableredditmetadataexp=b&duckaiinautocomplete=b&duckchat_alpha=b&externalmapsexp=b&litexp=a&locstr_exp=b&msvrtexp=b&savrexp=a&searchbarexp=b&toolexp=b&weatherexp=b&you_news_verticalexp=b → 200 (48ms, 354B)
[2026-06-26T14:30:02.920Z] POST https://improving.duckduckgo.com/t/ias_web?3859126&fromWebTab=1&initialState=active&timeSincePageLoad=37&timeSinceDeepStarted=0&timeSinceDeepFinished=0&tabPosition=0&isBack=false&recommendedTabOrder=videos,news,maps_expanded,products&maxVisibleTabs=5&displayedTabOrder=web,images,videos,news,maps_expanded,products&q=Circuit%20Happy%20ML%2D2M%20Ableton%20Link%20MIDI&ct=US&d=d&kl=wt-wt&rl=us-en&aiheaderexp=b&ama5exp=b&biaexp=b&disableredditmetadataexp=b&duckaiinautocomplete=b&duckchat_alpha=b&externalmapsexp=b&litexp=a&locstr_exp=b&msvrtexp=b&savrexp=a&searchbarexp=b&toolexp=b&weatherexp=b&you_news_verticalexp=b → 200 (48ms, 430B)
[2026-06-26T14:30:02.920Z] POST https://improving.duckduckgo.com/t/ias_images?5934113&fromWebTab=1&initialState=inactive&timeSincePageLoad=37&timeSinceDeepStarted=0&timeSinceDeepFinished=0&tabPosition=1&isBack=false&recommendedTabOrder=videos,news,maps_expanded,products&maxVisibleTabs=5&displayedTabOrder=web,images,videos,news,maps_expanded,products&q=Circuit%20Happy%20ML%2D2M%20Ableton%20Link%20MIDI&ct=US&d=d&kl=wt-wt&rl=us-en&aiheaderexp=b&ama5exp=b&biaexp=b&disableredditmetadataexp=b&duckaiinautocomplete=b&duckchat_alpha=b&externalmapsexp=b&litexp=a&locstr_exp=b&msvrtexp=b&savrexp=a&searchbarexp=b&toolexp=b&weatherexp=b&you_news_verticalexp=b → 200 (44ms, 430B)
[2026-06-26T14:30:02.920Z] POST https://improving.duckduckgo.com/t/ias_videos?6920091&fromWebTab=1&initialState=inactive&timeSincePageLoad=37&timeSinceDeepStarted=0&timeSinceDeepFinished=0&tabPosition=2&isBack=false&recommendedTabOrder=videos,news,maps_expanded,products&maxVisibleTabs=5&displayedTabOrder=web,images,videos,news,maps_expanded,products&q=Circuit%20Happy%20ML%2D2M%20Ableton%20Link%20MIDI&ct=US&d=d&kl=wt-wt&rl=us-en&aiheaderexp=b&ama5exp=b&biaexp=b&disableredditmetadataexp=b&duckaiinautocomplete=b&duckchat_alpha=b&externalmapsexp=b&litexp=a&locstr_exp=b&msvrtexp=b&savrexp=a&searchbarexp=b&toolexp=b&weatherexp=b&you_news_verticalexp=b → 200 (76ms, 430B)
[2026-06-26T14:30:02.920Z] POST https://improving.duckduckgo.com/t/ias_news?9387442&fromWebTab=1&initialState=inactive&timeSincePageLoad=37&timeSinceDeepStarted=0&timeSinceDeepFinished=0&tabPosition=3&isBack=false&recommendedTabOrder=videos,news,maps_expanded,products&maxVisibleTabs=5&displayedTabOrder=web,images,videos,news,maps_expanded,products&q=Circuit%20Happy%20ML%2D2M%20Ableton%20Link%20MIDI&ct=US&d=d&kl=wt-wt&rl=us-en&aiheaderexp=b&ama5exp=b&biaexp=b&disableredditmetadataexp=b&duckaiinautocomplete=b&duckchat_alpha=b&externalmapsexp=b&litexp=a&locstr_exp=b&msvrtexp=b&savrexp=a&searchbarexp=b&toolexp=b&weatherexp=b&you_news_verticalexp=b → 200 (77ms, 430B)
[2026-06-26T14:30:02.920Z] POST https://improving.duckduckgo.com/t/ias_maps_expanded?8715970&fromWebTab=1&initialState=inactive&timeSincePageLoad=37&timeSinceDeepStarted=0&timeSinceDeepFinished=0&tabPosition=4&isBack=false&recommendedTabOrder=videos,news,maps_expanded,products&maxVisibleTabs=5&displayedTabOrder=web,images,videos,news,maps_expanded,products&q=Circuit%20Happy%20ML%2D2M%20Ableton%20Link%20MIDI&ct=US&d=d&kl=wt-wt&rl=us-en&aiheaderexp=b&ama5exp=b&biaexp=b&disableredditmetadataexp=b&duckaiinautocomplete=b&duckchat_alpha=b&externalmapsexp=b&litexp=a&locstr_exp=b&msvrtexp=b&savrexp=a&searchbarexp=b&toolexp=b&weatherexp=b&you_news_verticalexp=b → 200 (78ms, 430B)
[2026-06-26T14:30:02.920Z] POST https://improving.duckduckgo.com/t/ias_products?7587552&fromWebTab=1&initialState=inactive&timeSincePageLoad=37&timeSinceDeepStarted=0&timeSinceDeepFinished=0&tabPosition=5&isBack=false&recommendedTabOrder=videos,news,maps_expanded,products&maxVisibleTabs=5&displayedTabOrder=web,images,videos,news,maps_expanded,products&q=Circuit%20Happy%20ML%2D2M%20Ableton%20Link%20MIDI&ct=US&d=d&kl=wt-wt&rl=us-en&aiheaderexp=b&ama5exp=b&biaexp=b&disableredditmetadataexp=b&duckaiinautocomplete=b&duckchat_alpha=b&externalmapsexp=b&litexp=a&locstr_exp=b&msvrtexp=b&savrexp=a&searchbarexp=b&toolexp=b&weatherexp=b&you_news_verticalexp=b → 200 (80ms, 430B)
[2026-06-26T14:30:02.920Z] POST https://improving.duckduckgo.com/t/ias_chat?2883240&fromWebTab=1&initialState=inactive&timeSincePageLoad=37&timeSinceDeepStarted=0&timeSinceDeepFinished=0&tabPosition=-1&isBack=false&recommendedTabOrder=videos,news,maps_expanded,products&maxVisibleTabs=5&displayedTabOrder=web,images,videos,news,maps_expanded,products&q=Circuit%20Happy%20ML%2D2M%20Ableton%20Link%20MIDI&ct=US&d=d&kl=wt-wt&rl=us-en&aiheaderexp=b&ama5exp=b&biaexp=b&disableredditmetadataexp=b&duckaiinautocomplete=b&duckchat_alpha=b&externalmapsexp=b&litexp=a&locstr_exp=b&msvrtexp=b&savrexp=a&searchbarexp=b&toolexp=b&weatherexp=b&you_news_verticalexp=b → 200 (82ms, 430B)
[2026-06-26T14:30:02.920Z] POST https://improving.duckduckgo.com/t/web_conversion_search?6950994&origin=&locale=en-US&aiheaderexp=b&ama5exp=b&biaexp=b&disableredditmetadataexp=b&duckaiinautocomplete=b&duckchat_alpha=b&externalmapsexp=b&litexp=a&locstr_exp=b&msvrtexp=b&savrexp=a&searchbarexp=b&toolexp=b&weatherexp=b&you_news_verticalexp=b → 200 (82ms, 430B)
[2026-06-26T14:30:02.920Z] POST https://improving.duckduckgo.com/t/perf?1454822&redirects_count=0&redirect_time_ms=0&connect_time_ms=72&dns_time_ms=1&tls_handshake_time_ms=39&ttfb_ms=117&transfer_time_ms=32&net_rtt_ms=37&cohort=n&protocol=h2&transfer_size_bytes=18562&encoded_size_bytes=18262&decoded_size_bytes=18262&dom_interactive_time_ms=451&dom_content_loaded_time_ms=745&dom_complete_time_ms=1004&first_paint_ms=564&first_contentful_paint_ms=1040&type=navigate&page=serp&d=d&pre_va=_&pre_atbva=_&aiheaderexp=b&ama5exp=b&biaexp=b&disableredditmetadataexp=b&duckaiinautocomplete=b&duckchat_alpha=b&externalmapsexp=b&litexp=a&locstr_exp=b&msvrtexp=b&savrexp=a&searchbarexp=b&toolexp=b&weatherexp=b&you_news_verticalexp=b → 200 (112ms, 430B)
[2026-06-26T14:30:04.355Z] POST https://improving.duckduckgo.com/t/tqadbmd?3623331&aiheaderexp=b&ama5exp=b&biaexp=b&disableredditmetadataexp=b&duckaiinautocomplete=b&duckchat_alpha=b&externalmapsexp=b&litexp=a&locstr_exp=b&msvrtexp=b&savrexp=a&searchbarexp=b&toolexp=b&weatherexp=b&you_news_verticalexp=b → 200 (34ms, 430B)
[2026-06-26T14:30:06.086Z] GET https://circuit-happy.de/ml2m/ → pending (?ms, ?B)
[2026-06-26T14:30:09.084Z] GET https://circuit-happy.de/ → pending (?ms, ?B)
[2026-06-26T14:30:13.801Z] GET https://www.youtube.com/results?search_query=Circuit+Happy+ML-2M → 200 (127ms, ?B)
[2026-06-26T14:30:13.936Z] GET https://www.youtube.com/s/desktop/15cdf404/jsbin/web-animations-next-lite.min.vflset/web-animations-next-lite.min.js → 200 (30ms, 14431B)
[2026-06-26T14:30:13.936Z] GET https://www.youtube.com/s/desktop/15cdf404/jsbin/webcomponents-all-noPatch.vflset/webcomponents-all-noPatch.js → 200 (46ms, 29235B)
[2026-06-26T14:30:13.936Z] GET https://www.youtube.com/s/desktop/15cdf404/jsbin/fetch-polyfill.vflset/fetch-polyfill.js → 200 (33ms, 2664B)
[2026-06-26T14:30:13.936Z] GET https://www.youtube.com/s/desktop/15cdf404/jsbin/intersection-observer.min.vflset/intersection-observer.min.js → 200 (29ms, 2010B)
[2026-06-26T14:30:13.938Z] GET https://i.ytimg.com/generate_204 → 204 (157ms, 117B)
[2026-06-26T14:30:13.946Z] GET https://www.youtube.com/s/desktop/15cdf404/jsbin/scheduler.vflset/scheduler.js → 200 (25ms, 3180B)
[2026-06-26T14:30:13.946Z] GET https://www.youtube.com/s/desktop/15cdf404/jsbin/www-i18n-constants-en_US.vflset/www-i18n-constants.js → 200 (56ms, 1580B)
[2026-06-26T14:30:13.946Z] GET https://www.youtube.com/s/desktop/15cdf404/jsbin/spf.vflset/spf.js → 200 (57ms, 12170B)
[2026-06-26T14:30:13.946Z] GET https://www.youtube.com/s/desktop/15cdf404/jsbin/network.vflset/network.js → 200 (55ms, 5031B)
[2026-06-26T14:30:13.946Z] GET https://fonts.googleapis.com/css2?family=Roboto:wght@300;400;500;700&family=YouTube+Sans:wght@300..900&display=swap → 200 (115ms, 15674B)
[2026-06-26T14:30:13.946Z] GET https://www.youtube.com/s/desktop/15cdf404/cssbin/www-onepick.css → 200 (54ms, 367B)
[2026-06-26T14:30:13.946Z] GET https://www.youtube.com/s/_/ytmainappweb/_/ss/k=ytmainappweb.kevlar_base.or2EJB7xRMk.L.W.O/am=AAAAAAQgBMDm/d=0/br=1/rs=AGKMywE_5hfL_JNzQnKuGakzgtXVWVziBw → 200 (27ms, 295983B)
[2026-06-26T14:30:14.478Z] GET https://accounts.google.com/ServiceLogin?service=youtube&uilel=3&passive=true&continue=https%3A%2F%2Fwww.youtube.com%2Fsignin%3Faction_handle_signin%3Dtrue%26app%3Ddesktop%26hl%3Den%26next%3D%252Fsignin_passive%26feature%3Dpassive&hl=en → 302 (104ms, ?B)
[2026-06-26T14:30:14.479Z] GET https://www.youtube.com/s/_/ytmainappweb/_/js/k=ytmainappweb.kevlar_base.en_US.LKPramppASk.es5.O/am=AAAAAAQABIDE/d=1/br=1/rs=AGKMywH3g88wZGHeaxWIBqko3VCXOEiwKQ/m=kevlar_base_module,kevlar_main_module,kevlar_base_sync_mod_chunk → 200 (503ms, 2084757B)
[2026-06-26T14:30:14.479Z] GET https://www.youtube.com/s/desktop/15cdf404/cssbin/www-main-desktop-watch-page-skeleton.css → 200 (346ms, 1408B)
[2026-06-26T14:30:14.583Z] GET https://accounts.google.com/InteractiveLogin?continue=https://www.youtube.com/signin?action_handle_signin%3Dtrue%26app%3Ddesktop%26hl%3Den%26next%3D%252Fsignin_passive%26feature%3Dpassive&hl=en&passive=true&service=youtube&uilel=3&dsh=S1090815092:1782484214583228 → 302 (51ms, 471B)
[2026-06-26T14:30:14.635Z] GET https://accounts.google.com/v3/signin/identifier?continue=https%3A%2F%2Fwww.youtube.com%2Fsignin%3Faction_handle_signin%3Dtrue%26app%3Ddesktop%26hl%3Den%26next%3D%252Fsignin_passive%26feature%3Dpassive&dsh=S1090815092%3A1782484214583228&hl=en&passive=true&service=youtube&uilel=3&flowName=WebLiteSignIn&flowEntry=ServiceLogin&ifkv=AcDsRvy1Y96TJW8LHCXRYCtwISpCzEnvSan4XyR6TENgdDa9XT9yiVEb_AIhkja0cQEm_Xl7qhUUzA → 403 (81ms, 2879B)
[2026-06-26T14:30:14.737Z] GET https://www.google.com/images/branding/googlelogo/1x/googlelogo_color_150x54dp.png → 200 (50ms, 3192B)
[2026-06-26T14:30:16.083Z] GET https://googleads.g.doubleclick.net/pagead/id → 302 (101ms, ?B)
[2026-06-26T14:30:16.083Z] GET https://fonts.gstatic.com/s/roboto/v51/KFO7CnqEu92Fr1ME7kSn66aGLdTylUAMa3yUBA.woff2 → 200 (81ms, 43272B)
[2026-06-26T14:30:16.182Z] GET https://www.youtube.com/s/search/audio/failure.mp3 → 206 (82ms, 6553B)
[2026-06-26T14:30:16.183Z] GET https://www.youtube.com/s/search/audio/no_input.mp3 → 206 (81ms, 6977B)
[2026-06-26T14:30:16.183Z] GET https://www.youtube.com/s/search/audio/open.mp3 → 206 (82ms, 6191B)
[2026-06-26T14:30:16.183Z] GET https://www.youtube.com/s/search/audio/success.mp3 → 206 (83ms, 6660B)
[2026-06-26T14:30:16.185Z] GET https://googleads.g.doubleclick.net/pagead/id?slf_rd=1 → 200 (79ms, 242B)
[2026-06-26T14:30:16.197Z] GET https://www.google.com/js/th/uXj_rPiX4Sfp0fOqFINeRey9f-_sVvGlSDaBNI1pLog.js → 200 (68ms, 23668B)
[2026-06-26T14:30:16.237Z] GET https://rr2---sn-hgn7yn7l.googlevideo.com/videoplayback?expire=1602256970&ei=Sc86vpnK9w0jeXUEi9t0Ii_&ip=28.91.36.27&id=o-AF28C3m4VPyObIsdwaSfRVStW6wifNcPdAjm3DwXvegAR&itag=18&source=youtube&requiressl=yes&mh=X6&mm=683%2C58121%2C40678&mn=v1jG9%2Ce1dtt%2C3RChB&ms=v1jG9%2Ce1dtt%2C3RChB&mv=y&mvi=7&pl=04&ctier=L&initcwndbps=4900019&siu=7&spc=6io0-nOzt8l5o1u6YtaaaEy_87SrXt53ca3iRIEEOq3v&vprv=7&svpuc=7&mime=video%2Fmp4&ns=QGG3shupuVJmINCp4jQ3r2kh&cnr=04&ratebypass=yes&dur=95035749&lmt=6645928628151024&mt=1602256970&fvip=3&c=WEB&txp=4900019&n=-_fJdkqYw-lA3BH_&sparams=expire%2Cei%2Cip%2Cid%2Citag%2Csource%2Crequiressl%2Cctier%2Csiu%2Cspc%2Cvprv%2Csvpuc%2Cmime%2Cns%2Ccnr%2Cratebypass%2Cdur%2Clmt&sig=uL083plnkVJMO8jsaewMVSRASYC-MSWRbO7xXyiVneHDoTzFYV5IH7Da2HCuiZX1qDdG40wdD7HRAN4kH3L-wIH6HXfnGE07SC0d-XHmTKIz&lsparams=mh%2Cmm%2Cmn%2Cms%2Cmv%2Cmvi%2Cpl%2Cinitcwndbps&lsig=uL083plnkVJMO8jsaewMVSRASYC-MSWRbO7xXyiVneHDoTzFYV5IH7Da2HCuiZX1qDdG40wdD7HRAN4kH3L-wIH6HXfnGE07SC0d-XHmTKIz → pending (?ms, ?B)
[2026-06-26T14:30:16.237Z] GET https://rr2---sn-hgn7yn7l.googlevideo.com/videoplayback?expire=1602256970&ei=Sc86vpnK9w0jeXUEi9t0Ii_&ip=28.91.36.27&id=o-AF28C3m4VPyObIsdwaSfRVStW6wifNcPdAjm3DwXvegAR&itag=18&source=youtube&requiressl=yes&mh=X6&mm=683%2C58121%2C40678&mn=v1jG9%2Ce1dtt%2C3RChB&ms=v1jG9%2Ce1dtt%2C3RChB&mv=y&mvi=7&pl=04&initcwndbps=4900019&siu=7&spc=6io0-nOzt8l5o1u6YtaaaEy_87SrXt53ca3iRIEEOq3v&vprv=7&svpuc=7&mime=video%2Fmp4&ns=QGG3shupuVJmINCp4jQ3r2kh&cnr=04&ratebypass=yes&dur=95035749&lmt=6645928628151024&mt=1602256970&fvip=3&c=WEB&txp=4900019&n=-_fJdkqYw-lA3BH_&sparams=expire%2Cei%2Cip%2Cid%2Citag%2Csource%2Crequiressl%2Csiu%2Cspc%2Cvprv%2Csvpuc%2Cmime%2Cns%2Ccnr%2Cratebypass%2Cdur%2Clmt&sig=uL083plnkVJMO8jsaewMVSRASYC-MSWRbO7xXyiVneHDoTzFYV5IH7Da2HCuiZX1qDdG40wdD7HRAN4kH3L-wIH6HXfnGE07SC0d-XHmTKIz&lsparams=mh%2Cmm%2Cmn%2Cms%2Cmv%2Cmvi%2Cpl%2Cinitcwndbps&lsig=uL083plnkVJMO8jsaewMVSRASYC-MSWRbO7xXyiVneHDoTzFYV5IH7Da2HCuiZX1qDdG40wdD7HRAN4kH3L-wIH6HXfnGE07SC0d-XHmTKIz → pending (?ms, ?B)
[2026-06-26T14:30:16.767Z] POST https://www.youtube.com/youtubei/v1/guide?prettyPrint=false → 200 (93ms, 3300B)
[2026-06-26T14:30:16.787Z] GET https://fonts.gstatic.com/s/i/youtube_outline_experimental/search/v15/24px.svg → 200 (72ms, 247B)
[2026-06-26T14:30:16.795Z] GET https://rr2---sn-hgn7yn7l.googlevideo.com/videoplayback?expire=1602256970&ei=Sc86vpnK9w0jeXUEi9t0Ii_&ip=28.91.36.27&id=o-AF28C3m4VPyObIsdwaSfRVStW6wifNcPdAjm3DwXvegAR&itag=18&source=youtube&requiressl=yes&mh=X6&mm=683%2C58121%2C40678&mn=v1jG9%2Ce1dtt%2C3RChB&ms=v1jG9%2Ce1dtt%2C3RChB&mv=y&mvi=7&pl=04&initcwndbps=4900019&siu=7&spc=6io0-nOzt8l5o1u6YtaaaEy_87SrXt53ca3iRIEEOq3v&vprv=7&svpuc=7&mime=video%2Fmp4&ns=QGG3shupuVJmINCp4jQ3r2kh&cnr=04&ratebypass=yes&dur=95035749&lmt=6645928628151024&mt=1602256970&fvip=3&c=WEB&txp=4900019&n=-_fJdkqYw-lA3BH_&sparams=expire%2Cei%2Cip%2Cid%2Citag%2Csource%2Crequiressl%2Csiu%2Cspc%2Cvprv%2Csvpuc%2Cmime%2Cns%2Ccnr%2Cratebypass%2Cdur%2Clmt&sig=uL083plnkVJMO8jsaewMVSRASYC-MSWRbO7xXyiVneHDoTzFYV5IH7Da2HCuiZX1qDdG40wdD7HRAN4kH3L-wIH6HXfnGE07SC0d-XHmTKIz&lsparams=mh%2Cmm%2Cmn%2Cms%2Cmv%2Cmvi%2Cpl%2Cinitcwndbps&lsig=uL083plnkVJMO8jsaewMVSRASYC-MSWRbO7xXyiVneHDoTzFYV5IH7Da2HCuiZX1qDdG40wdD7HRAN4kH3L-wIH6HXfnGE07SC0d-XHmTKIz → 403 (417ms, ?B)
[2026-06-26T14:30:16.796Z] GET https://rr2---sn-hgn7yn7l.googlevideo.com/videoplayback?expire=1602256970&ei=Sc86vpnK9w0jeXUEi9t0Ii_&ip=28.91.36.27&id=o-AF28C3m4VPyObIsdwaSfRVStW6wifNcPdAjm3DwXvegAR&itag=18&source=youtube&requiressl=yes&mh=X6&mm=683%2C58121%2C40678&mn=v1jG9%2Ce1dtt%2C3RChB&ms=v1jG9%2Ce1dtt%2C3RChB&mv=y&mvi=7&pl=04&ctier=L&initcwndbps=4900019&siu=7&spc=6io0-nOzt8l5o1u6YtaaaEy_87SrXt53ca3iRIEEOq3v&vprv=7&svpuc=7&mime=video%2Fmp4&ns=QGG3shupuVJmINCp4jQ3r2kh&cnr=04&ratebypass=yes&dur=95035749&lmt=6645928628151024&mt=1602256970&fvip=3&c=WEB&txp=4900019&n=-_fJdkqYw-lA3BH_&sparams=expire%2Cei%2Cip%2Cid%2Citag%2Csource%2Crequiressl%2Cctier%2Csiu%2Cspc%2Cvprv%2Csvpuc%2Cmime%2Cns%2Ccnr%2Cratebypass%2Cdur%2Clmt&sig=uL083plnkVJMO8jsaewMVSRASYC-MSWRbO7xXyiVneHDoTzFYV5IH7Da2HCuiZX1qDdG40wdD7HRAN4kH3L-wIH6HXfnGE07SC0d-XHmTKIz&lsparams=mh%2Cmm%2Cmn%2Cms%2Cmv%2Cmvi%2Cpl%2Cinitcwndbps&lsig=uL083plnkVJMO8jsaewMVSRASYC-MSWRbO7xXyiVneHDoTzFYV5IH7Da2HCuiZX1qDdG40wdD7HRAN4kH3L-wIH6HXfnGE07SC0d-XHmTKIz → 403 (416ms, ?B)
[2026-06-26T14:30:16.823Z] GET https://i.ytimg.com/vi/2aqgEdbGUGc/oar2.jpg?sqp=-oaymwEsCJUDENAFSFqQAgHyq4qpAxsIARUAAIhC2AEB4gEKCBgQAhgGOAFAAbgC9xg=&rs=AOn4CLCSXZitkdsC9qi26L33aaqhVjGkHg&usqp=CCk → 200 (258ms, 35848B)
[2026-06-26T14:30:16.823Z] GET https://i.ytimg.com/vi/oruFpQ2gv9M/oar2.jpg?sqp=-oaymwEsCJUDENAFSFqQAgHyq4qpAxsIARUAAIhC2AEB4gEKCBgQAhgGOAFAAbgC9xg=&rs=AOn4CLAh3MGDmL5B6Fga2wTx_eUv-7xGUQ&usqp=CCk → 200 (260ms, 26592B)
[2026-06-26T14:30:16.823Z] GET https://i.ytimg.com/vi/AXO62miACP4/oar2.jpg?sqp=-oaymwEsCJUDENAFSFqQAgHyq4qpAxsIARUAAIhC2AEB4gEKCBgQAhgGOAFAAbgC9xg=&rs=AOn4CLB9WhmqKrcHGbxxYgW4_S0hTbInbg&usqp=CCk → 200 (260ms, 30388B)
[2026-06-26T14:30:16.823Z] GET https://i.ytimg.com/vi/vFv2xIdXj_g/oar2.jpg?sqp=-oaymwEsCJUDENAFSFqQAgHyq4qpAxsIARUAAIhC2AEB4gEKCBgQAhgGOAFAAbgC9xg=&rs=AOn4CLDno5IVOAl06Z3SxK2T0hhwo93Q9g&usqp=CCk → 200 (258ms, 6924B)
[2026-06-26T14:30:16.824Z] GET https://i.ytimg.com/vi/d9k3lEcAuTI/oar2.jpg?sqp=-oaymwEsCJUDENAFSFqQAgHyq4qpAxsIARUAAIhC2AEB4gEKCBgQAhgGOAFAAbgC9xg=&rs=AOn4CLB7u1l4iQGXwq2b6qgjRfLZzzdL2A&usqp=CCk → 200 (257ms, 17340B)
[2026-06-26T14:30:16.824Z] GET https://yt3.googleusercontent.com/ytc/AIdro_mlfTjQb4t7KQF8pWiA-ZrT5o52wbxNG5gDC-lIwlDvuSE=s176-c-k-c0x00ffffff-no-rj-mo → 200 (253ms, 10444B)
[2026-06-26T14:30:16.824Z] GET https://yt3.ggpht.com/Lf75vE22wQNOVIJVhD6J4LQaVY2Lsx_uO6Sw4lKRMLxRaWHFiSu8sPO3yHrfyurxGRG32a1l=s68-c-k-c0x00ffffff-no-rj → 200 (252ms, 1988B)
[2026-06-26T14:30:17.212Z] GET https://rr2---sn-hgn7yn7l.googlevideo.com/videoplayback?expire=1602256970&ei=Sc86vpnK9w0jeXUEi9t0Ii_&ip=28.91.36.27&id=o-AF28C3m4VPyObIsdwaSfRVStW6wifNcPdAjm3DwXvegAR&itag=18&source=youtube&requiressl=yes&mh=X6&mm=683%2C58121%2C40678&mn=v1jG9%2Ce1dtt%2C3RChB&ms=v1jG9%2Ce1dtt%2C3RChB&mv=y&mvi=7&pl=04&initcwndbps=4900019&siu=7&spc=6io0-nOzt8l5o1u6YtaaaEy_87SrXt53ca3iRIEEOq3v&vprv=7&svpuc=7&mime=video%2Fmp4&ns=QGG3shupuVJmINCp4jQ3r2kh&cnr=04&ratebypass=yes&dur=95035749&lmt=6645928628151024&mt=1602256970&fvip=3&c=WEB&txp=4900019&n=-_fJdkqYw-lA3BH_&sparams=expire%2Cei%2Cip%2Cid%2Citag%2Csource%2Crequiressl%2Csiu%2Cspc%2Cvprv%2Csvpuc%2Cmime%2Cns%2Ccnr%2Cratebypass%2Cdur%2Clmt&sig=uL083plnkVJMO8jsaewMVSRASYC-MSWRbO7xXyiVneHDoTzFYV5IH7Da2HCuiZX1qDdG40wdD7HRAN4kH3L-wIH6HXfnGE07SC0d-XHmTKIz&lsparams=mh%2Cmm%2Cmn%2Cms%2Cmv%2Cmvi%2Cpl%2Cinitcwndbps&lsig=uL083plnkVJMO8jsaewMVSRASYC-MSWRbO7xXyiVneHDoTzFYV5IH7Da2HCuiZX1qDdG40wdD7HRAN4kH3L-wIH6HXfnGE07SC0d-XHmTKIz → pending (?ms, ?B)
[2026-06-26T14:30:17.213Z] GET https://rr2---sn-hgn7yn7l.googlevideo.com/videoplayback?expire=1602256970&ei=Sc86vpnK9w0jeXUEi9t0Ii_&ip=28.91.36.27&id=o-AF28C3m4VPyObIsdwaSfRVStW6wifNcPdAjm3DwXvegAR&itag=18&source=youtube&requiressl=yes&mh=X6&mm=683%2C58121%2C40678&mn=v1jG9%2Ce1dtt%2C3RChB&ms=v1jG9%2Ce1dtt%2C3RChB&mv=y&mvi=7&pl=04&ctier=L&initcwndbps=4900019&siu=7&spc=6io0-nOzt8l5o1u6YtaaaEy_87SrXt53ca3iRIEEOq3v&vprv=7&svpuc=7&mime=video%2Fmp4&ns=QGG3shupuVJmINCp4jQ3r2kh&cnr=04&ratebypass=yes&dur=95035749&lmt=6645928628151024&mt=1602256970&fvip=3&c=WEB&txp=4900019&n=-_fJdkqYw-lA3BH_&sparams=expire%2Cei%2Cip%2Cid%2Citag%2Csource%2Crequiressl%2Cctier%2Csiu%2Cspc%2Cvprv%2Csvpuc%2Cmime%2Cns%2Ccnr%2Cratebypass%2Cdur%2Clmt&sig=uL083plnkVJMO8jsaewMVSRASYC-MSWRbO7xXyiVneHDoTzFYV5IH7Da2HCuiZX1qDdG40wdD7HRAN4kH3L-wIH6HXfnGE07SC0d-XHmTKIz&lsparams=mh%2Cmm%2Cmn%2Cms%2Cmv%2Cmvi%2Cpl%2Cinitcwndbps&lsig=uL083plnkVJMO8jsaewMVSRASYC-MSWRbO7xXyiVneHDoTzFYV5IH7Da2HCuiZX1qDdG40wdD7HRAN4kH3L-wIH6HXfnGE07SC0d-XHmTKIz → pending (?ms, ?B)
[2026-06-26T14:30:17.553Z] GET https://www.google.com/pagead/lvz?evtid=ACd6KtyP08aInnFjYgbi9zTa0VYJbIHxNJA77jTMbghZ5crluJ06cG7zQkVEEYnqywBsaed7W5DQMwtj4R35riwcgvROahqR4g&req_ts=1782484214&pg=MainAppBootstrap%3AResults&az=1&sigh=AB9vU42WNdBXIffWAy6X306dyvXf_rQdTg → 200 (39ms, 65B)
[2026-06-26T14:30:17.623Z] GET https://fonts.googleapis.com/css?family=Roboto:300italic,400italic,500italic,700italic → 200 (32ms, 1870B)
[2026-06-26T14:30:17.623Z] GET https://fonts.googleapis.com/css?family=Roboto+Mono:400 → 200 (32ms, 707B)
[2026-06-26T14:30:17.699Z] GET https://fonts.gstatic.com/s/roboto/v51/KFO5CnqEu92Fr1Mu53ZEC9_Vu3r1gIhOszmkBnka.woff2 → 200 (8ms, 47240B)
[2026-06-26T14:30:17.746Z] GET https://www.youtube.com/generate_204?-4AAGw → 204 (25ms, 11B)
[2026-06-26T14:30:17.822Z] POST https://www.youtube.com/api/jnn/v1/GenerateIT → 200 (134ms, 144B)
[2026-06-26T14:30:17.825Z] GET https://youtube.com/ → 301 (132ms, ?B)
[2026-06-26T14:30:17.949Z] GET https://www.youtube.com/s/player/5b27766f/player_ias.vflset/en_US/base.js → 200 (180ms, 723943B)
[2026-06-26T14:30:17.949Z] GET https://www.youtube.com/s/player/5b27766f/www-player.css → 200 (18ms, 59223B)
[2026-06-26T14:30:17.955Z] GET https://fonts.gstatic.com/s/i/youtube_outline_experimental/x/v11/24px.svg → 200 (27ms, 226B)
[2026-06-26T14:30:17.958Z] GET https://www.youtube.com/ → pending (?ms, ?B)
[2026-06-26T14:30:17.958Z] GET https://fonts.gstatic.com/s/i/youtube_outline_experimental/menu/v1/24px.svg → 200 (24ms, 188B)
[2026-06-26T14:30:17.959Z] GET https://www.gstatic.com/youtube/img/icons/web/youtube_fill/yt-logo-updated/v3/24px.svg → 200 (44ms, 1217B)
[2026-06-26T14:30:18.051Z] GET https://fonts.gstatic.com/s/i/youtube_outline_experimental/arrow_up/v3/24px.svg → 200 (19ms, 215B)
[2026-06-26T14:30:18.058Z] GET https://www.gstatic.com/youtube/img/icons/web/youtube_fill/youtube_shorts_brand_24/v2/24px.svg → 200 (15ms, 274B)
[2026-06-26T14:30:18.059Z] GET https://fonts.gstatic.com/s/i/youtube_outline_experimental/overflow_vertical/v13/24px.svg → 200 (15ms, 179B)
[2026-06-26T14:30:18.060Z] GET https://fonts.gstatic.com/s/i/youtube_outline_experimental/chevron_down/v9/24px.svg → 200 (30ms, 206B)
[2026-06-26T14:30:18.060Z] GET https://fonts.gstatic.com/s/i/youtube_outline_experimental/chevron_up/v9/24px.svg → 200 (46ms, 213B)
[2026-06-26T14:30:18.060Z] GET https://fonts.gstatic.com/s/i/youtube_outline_experimental/thumb_up/v24/24px.svg → 200 (46ms, 563B)
[2026-06-26T14:30:18.062Z] GET https://fonts.gstatic.com/s/i/youtube_outline_experimental/thumb_down/v25/24px.svg → 200 (44ms, 591B)
[2026-06-26T14:30:18.062Z] GET https://fonts.gstatic.com/s/i/youtube_fill_experimental/check_circle/v10/24px.svg → 200 (44ms, 243B)
[2026-06-26T14:30:18.062Z] GET https://fonts.gstatic.com/s/i/youtube_outline_experimental/chevron_left/v9/24px.svg → 200 (52ms, 215B)
[2026-06-26T14:30:18.064Z] GET https://fonts.gstatic.com/s/i/youtube_outline_experimental/chevron_right/v7/24px.svg → 200 (49ms, 218B)
[2026-06-26T14:30:18.064Z] GET https://fonts.gstatic.com/s/i/youtube_outline_experimental/adjust/v9/24px.svg → 200 (49ms, 260B)
[2026-06-26T14:30:18.064Z] GET https://www.gstatic.com/youtube/img/icons/web/youtube_outline/spark/v1/24px.svg → 200 (18ms, 203B)
[2026-06-26T14:30:18.065Z] GET https://fonts.gstatic.com/s/i/youtube_outline_experimental/info_circle/v10/24px.svg → 200 (49ms, 271B)
[2026-06-26T14:30:18.106Z] GET https://fonts.gstatic.com/s/i/youtube_outline_experimental/mic/v14/24px.svg → 200 (17ms, 314B)
[2026-06-26T14:30:18.168Z] GET https://www.youtube.com/s/_/ytmainappweb/_/js/k=ytmainappweb.kevlar_base.en_US.LKPramppASk.es5.O/am=AAAAAAQABIDE/d=1/exm=kevlar_base_module,kevlar_base_sync_mod_chunk,kevlar_main_module/ed=1/br=1/rs=AGKMywH3g88wZGHeaxWIBqko3VCXOEiwKQ/m=QlbBce,De8mUc → 200 (14ms, 1205B)
[2026-06-26T14:30:18.169Z] GET https://fonts.gstatic.com/s/i/youtube_outline_experimental/playlist/v5/12px.svg → 200 (17ms, 238B)
[2026-06-26T14:30:18.175Z] GET https://fonts.gstatic.com/s/i/youtube_outline_experimental/person_circle/v10/24px.svg → 200 (16ms, 310B)
[2026-06-26T14:30:18.176Z] GET https://fonts.gstatic.com/s/i/youtube_outline_experimental/home/v10/24px.svg → 200 (17ms, 294B)
[2026-06-26T14:30:18.176Z] GET https://fonts.gstatic.com/s/i/youtube_outline_experimental/shorts/v3/24px.svg → 200 (18ms, 339B)
[2026-06-26T14:30:18.176Z] GET https://fonts.gstatic.com/s/i/youtube_outline_experimental/subscriptions/v12/24px.svg → 200 (18ms, 233B)
[2026-06-26T14:30:18.186Z] GET https://www.youtube.com/s/_/ytmainappweb/_/js/k=ytmainappweb.kevlar_base.en_US.LKPramppASk.es5.O/am=AAAAAAQABIDE/d=1/exm=De8mUc,QlbBce,kevlar_base_module,kevlar_base_sync_mod_chunk,kevlar_main_module/ed=1/br=1/rs=AGKMywH3g88wZGHeaxWIBqko3VCXOEiwKQ/m=yTIahe → 200 (19ms, 1223B)
[2026-06-26T14:30:18.224Z] GET https://fonts.gstatic.com/s/i/youtube_outline_experimental/location_pin/v2/24px.svg → 200 (66ms, ?B)
[2026-06-26T14:30:18.227Z] GET https://fonts.gstatic.com/s/i/youtube_fill_experimental/add_circle/v6/24px.svg → 200 (63ms, ?B)
[2026-06-26T14:30:18.227Z] GET https://fonts.gstatic.com/s/i/youtube_outline_experimental/add_circle/v6/24px.svg → 200 (63ms, ?B)
[2026-06-26T14:30:18.228Z] GET https://fonts.gstatic.com/s/i/youtube_outline_experimental/alert_bubble/v2/24px.svg → 200 (62ms, ?B)
[2026-06-26T14:30:18.228Z] GET https://fonts.gstatic.com/s/i/youtube_fill_experimental/audio/v14/24px.svg → pending (?ms, ?B)
[2026-06-26T14:30:18.228Z] GET https://fonts.gstatic.com/s/i/youtube_outline_experimental/audio/v14/24px.svg → pending (?ms, ?B)
[2026-06-26T14:30:18.228Z] GET https://fonts.gstatic.com/s/i/youtube_fill_experimental/bag/v7/24px.svg → 200 (63ms, ?B)
[2026-06-26T14:30:18.228Z] GET https://fonts.gstatic.com/s/i/youtube_outline_experimental/bag/v7/24px.svg → pending (?ms, ?B)
[2026-06-26T14:30:18.228Z] GET https://fonts.gstatic.com/s/i/youtube_fill_experimental/bell/v11/24px.svg → pending (?ms, ?B)
[2026-06-26T14:30:18.239Z] GET https://fonts.gstatic.com/s/i/youtube_outline_experimental/bell/v11/24px.svg → pending (?ms, ?B)
[2026-06-26T14:30:18.247Z] GET https://fonts.gstatic.com/s/i/youtube_fill_experimental/clapperboard/v3/24px.svg → pending (?ms, ?B)
[2026-06-26T14:30:18.247Z] GET https://fonts.gstatic.com/s/i/youtube_outline_experimental/clapperboard/v3/24px.svg → pending (?ms, ?B)
[2026-06-26T14:30:18.247Z] GET https://fonts.gstatic.com/s/i/youtube_fill_experimental/clock/v10/24px.svg → pending (?ms, ?B)
[2026-06-26T14:30:18.247Z] GET https://fonts.gstatic.com/s/i/youtube_outline_experimental/clock/v10/24px.svg → pending (?ms, ?B)
[2026-06-26T14:30:18.247Z] GET https://fonts.gstatic.com/s/i/youtube_outline_experimental/copy/v3/24px.svg → pending (?ms, ?B)
[2026-06-26T14:30:18.247Z] GET https://www.gstatic.com/youtube/img/icons/web/youtube_fill/creator_studio_red_logo/v2/24px.svg → pending (?ms, ?B)
[2026-06-26T14:30:18.247Z] GET https://fonts.gstatic.com/s/i/youtube_outline_experimental/download/v11/24px.svg → pending (?ms, ?B)
[2026-06-26T14:30:18.247Z] GET https://fonts.gstatic.com/s/i/youtube_fill_experimental/fashion/v4/24px.svg → pending (?ms, ?B)
[2026-06-26T14:30:18.250Z] GET https://fonts.gstatic.com/s/i/youtube_outline_experimental/fashion/v4/24px.svg → pending (?ms, ?B)
[2026-06-26T14:30:18.250Z] GET https://fonts.gstatic.com/s/i/youtube_fill_experimental/flag/v10/24px.svg → pending (?ms, ?B)
[2026-06-26T14:30:18.250Z] GET https://fonts.gstatic.com/s/i/youtube_outline_experimental/flag/v10/24px.svg → pending (?ms, ?B)
[2026-06-26T14:30:18.250Z] GET https://fonts.gstatic.com/s/i/youtube_fill_experimental/gaming/v3/24px.svg → pending (?ms, ?B)
[2026-06-26T14:30:18.251Z] GET https://fonts.gstatic.com/s/i/youtube_outline_experimental/gaming/v3/24px.svg → pending (?ms, ?B)
[2026-06-26T14:30:18.251Z] GET https://fonts.gstatic.com/s/i/youtube_fill_experimental/gear/v10/24px.svg → pending (?ms, ?B)
[2026-06-26T14:30:18.251Z] GET https://fonts.gstatic.com/s/i/youtube_outline_experimental/gear/v10/24px.svg → pending (?ms, ?B)
[2026-06-26T14:30:18.251Z] GET https://fonts.gstatic.com/s/i/youtube_outline_experimental/help_circle/v2/24px.svg → pending (?ms, ?B)
[2026-06-26T14:30:18.253Z] GET https://fonts.gstatic.com/s/i/youtube_outline_experimental/history/v1/24px.svg → pending (?ms, ?B)
[2026-06-26T14:30:18.253Z] GET https://fonts.gstatic.com/s/i/youtube_fill_experimental/home/v10/24px.svg → pending (?ms, ?B)
[2026-06-26T14:30:18.253Z] GET https://fonts.gstatic.com/s/i/youtube_fill_experimental/lightbulb/v4/24px.svg → pending (?ms, ?B)
[2026-06-26T14:30:18.253Z] GET https://fonts.gstatic.com/s/i/youtube_outline_experimental/lightbulb/v4/24px.svg → pending (?ms, ?B)
[2026-06-26T14:30:18.253Z] GET https://fonts.gstatic.com/s/i/youtube_outline_experimental/live/v3/24px.svg → pending (?ms, ?B)
[2026-06-26T14:30:18.253Z] GET https://fonts.gstatic.com/s/i/youtube_fill_experimental/mic/v14/24px.svg → pending (?ms, ?B)
[2026-06-26T14:30:18.253Z] GET https://fonts.gstatic.com/s/i/youtube_fill_experimental/news/v3/24px.svg → pending (?ms, ?B)
[2026-06-26T14:30:18.253Z] GET https://fonts.gstatic.com/s/i/youtube_outline_experimental/news/v3/24px.svg → pending (?ms, ?B)
[2026-06-26T14:30:18.261Z] GET https://www.gstatic.com/youtube/img/icons/web/youtube_fill/offline_no_content/v1/192px.svg → pending (?ms, ?B)
[2026-06-26T14:30:18.265Z] GET https://fonts.gstatic.com/s/i/youtube_outline_experimental/overflow_horizontal/v6/24px.svg → pending (?ms, ?B)
[2026-06-26T14:30:18.265Z] GET https://fonts.gstatic.com/s/i/youtube_fill_experimental/play_square_stack/v1/24px.svg → pending (?ms, ?B)
[2026-06-26T14:30:18.265Z] GET https://fonts.gstatic.com/s/i/youtube_outline_experimental/play_square_stack/v1/24px.svg → pending (?ms, ?B)
[2026-06-26T14:30:18.265Z] GET https://fonts.gstatic.com/s/i/youtube_outline_experimental/playlist/v5/24px.svg → pending (?ms, ?B)
[2026-06-26T14:30:18.265Z] GET https://fonts.gstatic.com/s/i/youtube_fill_experimental/podcast/v6/24px.svg → pending (?ms, ?B)
[2026-06-26T14:30:18.265Z] GET https://fonts.gstatic.com/s/i/youtube_outline_experimental/podcast/v6/24px.svg → pending (?ms, ?B)
[2026-06-26T14:30:18.265Z] GET https://fonts.gstatic.com/s/i/youtube_fill_experimental/search/v15/24px.svg → pending (?ms, ?B)
[2026-06-26T14:30:18.265Z] GET https://fonts.gstatic.com/s/i/youtube_fill_experimental/subscriptions/v12/24px.svg → pending (?ms, ?B)
[2026-06-26T14:30:18.266Z] GET https://fonts.gstatic.com/s/i/youtube_fill_experimental/thumb_up/v24/24px.svg → pending (?ms, ?B)
[2026-06-26T14:30:18.266Z] GET https://fonts.gstatic.com/s/i/youtube_fill_experimental/trash_can/v10/24px.svg → pending (?ms, ?B)
[2026-06-26T14:30:18.266Z] GET https://fonts.gstatic.com/s/i/youtube_outline_experimental/trash_can/v10/24px.svg → pending (?ms, ?B)
[2026-06-26T14:30:18.267Z] GET https://fonts.gstatic.com/s/i/youtube_fill_experimental/trending/v2/24px.svg → pending (?ms, ?B)
[2026-06-26T14:30:18.267Z] GET https://fonts.gstatic.com/s/i/youtube_outline_experimental/trending/v2/24px.svg → pending (?ms, ?B)
[2026-06-26T14:30:18.267Z] GET https://fonts.gstatic.com/s/i/youtube_fill_experimental/trophy/v3/24px.svg → pending (?ms, ?B)
[2026-06-26T14:30:18.267Z] GET https://fonts.gstatic.com/s/i/youtube_outline_experimental/trophy/v3/24px.svg → pending (?ms, ?B)
[2026-06-26T14:30:18.267Z] GET https://www.gstatic.com/youtube/img/icons/web/youtube_fill/unplugged_logo/v2/24px.svg → pending (?ms, ?B)
[2026-06-26T14:30:18.267Z] GET https://fonts.gstatic.com/s/i/youtube_fill_experimental/video/v3/24px.svg → pending (?ms, ?B)
[2026-06-26T14:30:18.268Z] GET https://fonts.gstatic.com/s/i/youtube_outline_experimental/video/v3/24px.svg → pending (?ms, ?B)
[2026-06-26T14:30:18.269Z] GET https://fonts.gstatic.com/s/i/youtube_outline_experimental/video_camera_add/v2/24px.svg → pending (?ms, ?B)
[2026-06-26T14:30:18.286Z] GET https://www.gstatic.com/youtube/img/icons/web/youtube_fill/youtube_kids_round/v2/24px.svg → pending (?ms, ?B)
[2026-06-26T14:30:18.286Z] GET https://www.gstatic.com/youtube/img/icons/web/youtube_fill/youtube_music/v2/24px.svg → pending (?ms, ?B)
[2026-06-26T14:30:18.286Z] GET https://www.gstatic.com/youtube/img/icons/web/youtube_fill/youtube_round/v2/24px.svg → pending (?ms, ?B)
[2026-06-26T14:30:18.286Z] GET https://fonts.gstatic.com/s/i/youtube_fill_experimental/youtube_shorts/v11/24px.svg → pending (?ms, ?B)
[2026-06-26T14:30:18.289Z] GET https://fonts.gstatic.com/s/i/youtube_outline_experimental/youtube_shorts/v11/24px.svg → pending (?ms, ?B)
[2026-06-26T14:30:18.417Z] GET https://www.youtube.com/s/player/5b27766f/player_ias.vflset/en_US/offline.js → 200 (36ms, 31127B)
[2026-06-26T14:30:18.417Z] GET https://www.youtube.com/s/player/5b27766f/player_ias.vflset/en_US/remote.js → 200 (37ms, 36346B)
[2026-06-26T14:30:18.422Z] GET https://www.youtube.com/s/player/5b27766f/player_ias.vflset/en_US/miniplayer.js → 200 (30ms, 2631B)
[2026-06-26T14:30:18.423Z] GET https://fonts.gstatic.com/s/i/youtube_outline_experimental/arrow_down/v3/24px.svg → 200 (92ms, 236B)
[2026-06-26T14:30:18.470Z] GET https://fonts.gstatic.com/s/i/youtube_fill_experimental/pause/v9/24px.svg → 200 (63ms, 236B)
[2026-06-26T14:30:18.470Z] GET https://fonts.gstatic.com/s/i/youtube_fill_experimental/play/v4/24px.svg → 200 (63ms, 217B)
[2026-06-26T14:30:18.470Z] GET https://fonts.gstatic.com/s/i/youtube_outline_experimental/play/v4/24px.svg → 200 (63ms, 262B)
[2026-06-26T14:30:18.470Z] GET https://fonts.gstatic.com/s/i/youtube_fill_experimental/share/v12/24px.svg → 200 (66ms, 278B)
[2026-06-26T14:30:18.471Z] GET https://fonts.gstatic.com/s/i/youtube_outline_experimental/share/v12/24px.svg → 200 (63ms, 438B)
[2026-06-26T14:30:18.471Z] GET https://fonts.gstatic.com/s/i/youtube_fill_experimental/text_bubble/v4/24px.svg → 200 (63ms, 272B)
[2026-06-26T14:30:18.471Z] GET https://fonts.gstatic.com/s/i/youtube_outline_experimental/text_bubble/v4/24px.svg → 200 (63ms, 320B)
[2026-06-26T14:30:18.471Z] GET https://fonts.gstatic.com/s/i/youtube_fill_experimental/thumb_down/v25/24px.svg → 200 (69ms, 420B)
[2026-06-26T14:30:18.471Z] GET https://fonts.gstatic.com/s/i/youtube_fill_experimental/volume_max/v2/24px.svg → 200 (65ms, 332B)
[2026-06-26T14:30:18.472Z] GET https://fonts.gstatic.com/s/i/youtube_outline_experimental/volume_max/v2/24px.svg → 200 (68ms, 391B)
[2026-06-26T14:30:18.472Z] GET https://fonts.gstatic.com/s/i/youtube_fill_experimental/volume_mute/v2/24px.svg → 200 (68ms, 312B)
[2026-06-26T14:30:18.472Z] GET https://fonts.gstatic.com/s/i/youtube_outline_experimental/volume_mute/v2/24px.svg → 200 (64ms, 359B)
[2026-06-26T14:30:18.473Z] GET https://www.gstatic.com/youtube/img/icons/web/youtube_outline/waveform/v1/24px.svg → 200 (60ms, 171B)
[2026-06-26T14:30:18.546Z] GET https://www.gstatic.com/cv/js/sender/v1/cast_sender.js → 200 (30ms, 2032B)
[2026-06-26T14:30:18.565Z] GET https://static.doubleclick.net/instream/ad_status.js → 200 (50ms, 496B)
[2026-06-26T14:30:18.659Z] POST https://www.youtube.com/youtubei/v1/log_event?alt=json → 200 (26ms, 52B)
[2026-06-26T14:32:16.244Z] GET https://googleads.g.doubleclick.net/pagead/id → 302 (44ms, ?B)
[2026-06-26T14:32:16.288Z] GET https://googleads.g.doubleclick.net/pagead/id?slf_rd=1 → 200 (26ms, 146B)
[2026-06-26T14:35:15.854Z] POST https://www.youtube.com/youtubei/v1/log_event?alt=json → 200 (66ms, 50B)
[2026-06-26T14:40:15.870Z] POST https://www.youtube.com/youtubei/v1/log_event?alt=json → 200 (93ms, 50B)
[2026-06-26T14:45:20.280Z] POST https://www.youtube.com/youtubei/v1/log_event?alt=json → 200 (120ms, 3079B)
[2026-06-26T14:50:20.423Z] POST https://www.youtube.com/youtubei/v1/log_event?alt=json → 200 (100ms, 50B)
[2026-06-26T14:55:22.870Z] POST https://www.youtube.com/youtubei/v1/log_event?alt=json → 200 (66ms, 50B)
[2026-06-26T15:00:22.947Z] POST https://www.youtube.com/youtubei/v1/log_event?alt=json → 200 (134ms, 621B)
